WARNING:root:[91mpython3.12+ support: For reweighting feature, please use 3.6.X release.[0m
************************************************************
*                                                          *
*                     W E L C O M E to                     *
*              M A D G R A P H 5 _ a M C @ N L O           *
*                                                          *
*                                                          *
*                 *                       *                *
*                   *        * *        *                  *
*                     * * * * 5 * * * *                    *
*                   *        * *        *                  *
*                 *                       *                *
*                                                          *
*         VERSION 3.7.0                 2026-01-05         *
*                                                          *
*    The MadGraph5_aMC@NLO Development Team - Find us at   *
*              http://madgraph.phys.ucl.ac.be/             *
*                            and                           *
*            http://amcatnlo.web.cern.ch/amcatnlo/         *
*                                                          *
*               Type 'help' for in-line help.              *
*           Type 'tutorial' to learn how MG5 works         *
*    Type 'tutorial aMCatNLO' to learn how aMC@NLO works   *
*    Type 'tutorial MadLoop' to learn how MadLoop works    *
*                                                          *
************************************************************
load MG5 configuration from ../../MG5_aMC_v3_7_0/input/mg5_configuration.txt 
fastjet-config does not seem to correspond to a valid fastjet-config executable (v3+). We will use fjcore instead.
 Please set the 'fastjet'variable to the full (absolute) /PATH/TO/fastjet-config (including fastjet-config).
 MG5_aMC> set fastjet /PATH/TO/fastjet-config

eMELA-config does not seem to correspond to a valid eMELA-config executable.
 Please set the 'fastjet'variable to the full (absolute) /PATH/TO/eMELA-config (including eMELA-config).
 MG5_aMC> set eMELA /PATH/TO/eMELA-config

lhapdf-config does not seem to correspond to a valid lhapdf-config executable. 
Please set the 'lhapdf' variable to the (absolute) /PATH/TO/lhapdf-config (including lhapdf-config).
Note that you can still compile and run aMC@NLO with the built-in PDFs
 MG5_aMC> set lhapdf /PATH/TO/lhapdf-config

Using default gzip "gzip". Set another one in ./input/mg5_configuration.txt
[1;34mWARNING: launching caffeinate to prevent idle sleep when MG5aMC is running. Run './bin/mg5_aMC -s' to prevent this. [0m
import /Users/enconcertincdev4/Code/grok/ukftphys/experiments/61_sm_7muon_background.mg5
The import format was not given, so we guess it as command
import model sm
INFO: Restrict model sm with file ../../MG5_aMC_v3_7_0/models/sm/restrict_default.dat . 
INFO: Run "set stdout_level DEBUG" before import for more information. 
INFO: Change particles name to pass to MG5 convention 
Defined multiparticle p = g u c d s u~ c~ d~ s~
Defined multiparticle j = g u c d s u~ c~ d~ s~
Defined multiparticle l+ = e+ mu+
Defined multiparticle l- = e- mu-
Defined multiparticle vl = ve vm vt
Defined multiparticle vl~ = ve~ vm~ vt~
Defined multiparticle all = g u c d s u~ c~ d~ s~ a ve vm vt e- mu- ve~ vm~ vt~ e+ mu+ t b t~ b~ z w+ h w- ta- ta+
define l+ = mu+
Defined multiparticle l+ = mu+
define l- = mu-
Defined multiparticle l- = mu-
generate p p > l+ l- l+ l-
INFO: Checking for minimal orders which gives processes. 
INFO: Please specify coupling orders to bypass this step. 
INFO: Trying process: g g > mu+ mu- mu+ mu- WEIGHTED<=8 @1  
INFO: Trying process: u u~ > mu+ mu- mu+ mu- WEIGHTED<=8 @1  
INFO: Process has 48 diagrams 
INFO: Trying process: u c~ > mu+ mu- mu+ mu- WEIGHTED<=8 @1  
INFO: Trying process: c u~ > mu+ mu- mu+ mu- WEIGHTED<=8 @1  
INFO: Trying process: c c~ > mu+ mu- mu+ mu- WEIGHTED<=8 @1  
INFO: Process has 48 diagrams 
INFO: Trying process: d d~ > mu+ mu- mu+ mu- WEIGHTED<=8 @1  
INFO: Process has 48 diagrams 
INFO: Trying process: d s~ > mu+ mu- mu+ mu- WEIGHTED<=8 @1  
INFO: Trying process: s d~ > mu+ mu- mu+ mu- WEIGHTED<=8 @1  
INFO: Trying process: s s~ > mu+ mu- mu+ mu- WEIGHTED<=8 @1  
INFO: Process has 48 diagrams 
INFO: Process u~ u > mu+ mu- mu+ mu- added to mirror process u u~ > mu+ mu- mu+ mu- 
INFO: Process c~ c > mu+ mu- mu+ mu- added to mirror process c c~ > mu+ mu- mu+ mu- 
INFO: Process d~ d > mu+ mu- mu+ mu- added to mirror process d d~ > mu+ mu- mu+ mu- 
INFO: Process s~ s > mu+ mu- mu+ mu- added to mirror process s s~ > mu+ mu- mu+ mu- 
4 processes with 192 diagrams generated in 0.093 s
Total: 4 processes with 192 diagrams
output 61_sm_4muon_8tev
INFO: initialize a new directory: 61_sm_4muon_8tev 
INFO: remove old information in 61_sm_4muon_8tev 
INFO: Organizing processes into subprocess groups 
INFO: Generating Helas calls for process: u u~ > mu+ mu- mu+ mu- WEIGHTED<=8 @1 
INFO: Processing color information for process: u u~ > mu+ mu- mu+ mu- @1 
INFO: Combined process c c~ > mu+ mu- mu+ mu- WEIGHTED<=8 @1 with process u u~ > mu+ mu- mu+ mu- WEIGHTED<=8 @1 
INFO: Generating Helas calls for process: d d~ > mu+ mu- mu+ mu- WEIGHTED<=8 @1 
INFO: Reusing existing color information for process: d d~ > mu+ mu- mu+ mu- @1 
INFO: Combined process s s~ > mu+ mu- mu+ mu- WEIGHTED<=8 @1 with process d d~ > mu+ mu- mu+ mu- WEIGHTED<=8 @1 
INFO: Creating files in directory P1_qq_llll 
INFO: Generating Feynman diagrams for Process: u u~ > mu+ mu- mu+ mu- WEIGHTED<=8 @1 
INFO: Generating Feynman diagrams for Process: d d~ > mu+ mu- mu+ mu- WEIGHTED<=8 @1 
INFO: Finding symmetric diagrams for subprocess group qq_llll 
Generated helas calls for 2 subprocesses (96 diagrams) in 0.072 s
Wrote files for 160 helas calls in 0.122 s
ALOHA: aloha starts to compute helicity amplitudes
ALOHA: aloha creates 5 routines in  0.871 s
save configuration file to /Users/enconcertincdev4/Code/grok/ukftphys/experiments/61_sm_4muon_8tev/Cards/me5_configuration.txt
INFO: Use Fortran compiler gfortran 
INFO: Use c++ compiler clang 
INFO: Generate web pages 
Output to directory /Users/enconcertincdev4/Code/grok/ukftphys/experiments/61_sm_4muon_8tev done.
Type "launch" to generate events from this process, or see
/Users/enconcertincdev4/Code/grok/ukftphys/experiments/61_sm_4muon_8tev/README
Run "open index.html" to see more information about this process.
launch
************************************************************
*                                                          *
*                      W E L C O M E to                    *
*             M A D G R A P H 5 _ a M C @ N L O            *
*                      M A D E V E N T                     *
*                                                          *
*                 *                       *                *
*                   *        * *        *                  *
*                     * * * * 5 * * * *                    *
*                   *        * *        *                  *
*                 *                       *                *
*                                                          *
*         VERSION 3.7.0                 2026-01-05         *
*                                                          *
*    The MadGraph5_aMC@NLO Development Team - Find us at   *
*    https://server06.fynu.ucl.ac.be/projects/madgraph     *
*                                                          *
*               Type 'help' for in-line help.              *
*                                                          *
************************************************************
INFO: load configuration from /Users/enconcertincdev4/Code/grok/ukftphys/experiments/61_sm_4muon_8tev/Cards/me5_configuration.txt  
INFO: load configuration from /Users/enconcertincdev4/Code/grok/MG5_aMC_v3_7_0/input/mg5_configuration.txt  
INFO: load configuration from /Users/enconcertincdev4/Code/grok/ukftphys/experiments/61_sm_4muon_8tev/Cards/me5_configuration.txt  
Using default gzip "gzip". Set another one in ./input/mg5_configuration.txt
generate_events run_01
set nevents 5000
[1mINFO: modify parameter nevents of the run_card.dat to 5000 [0m
set ebeam1 4000.0
[1mINFO: modify parameter ebeam1 of the run_card.dat to 4000.0 [0m
set ebeam2 4000.0
[1mINFO: modify parameter ebeam2 of the run_card.dat to 4000.0 [0m
set cut_decays False
[1mINFO: modify parameter cut_decays of the run_card.dat to False [0m
set ptl 3.0
[1mINFO: modify parameter ptl of the run_card.dat to 3.0 [0m
set etal 2.4
[1mINFO: modify parameter etal of the run_card.dat to 2.4 [0m
set mll 0.2
[1;34mWARNING: invalid set command mll 0.2  [0m
INFO: Did you mean one of the following run_card options:
mmll	mmllmax 
set use_syst False
[1mINFO: modify parameter use_syst of the run_card.dat to False [0m
INFO: Update the dependent parameter of the param_card.dat 
[1;34mWARNING: update the strong coupling value (alpha_s) to the value from the pdf selected: 0.13 [0m
[1;34mvalue '[]' for entry 'bypass_check' is not valid. Preserving previous value: '[]'.
allowed values are any list composed of the following entries: partonshower[0m
Generating 5000 events with run name run_01
survey  run_01 
INFO: compile directory 
compile Source Directory
Using random number seed offset = 21
INFO: Running Survey 
Creating Jobs
Working on SubProcesses
INFO: Compiling for process 1/1. 
INFO:     P1_qq_llll  
  0%|          | 0/972 [00:00<?, ?it/s]100%|██████████| 972/972 [00:00<00:00, 17698.79it/s]
  0%|          | 0/972 [00:00<?, ?it/s]100%|██████████| 972/972 [00:00<00:00, 18935.21it/s]
INFO:     P1_qq_llll  
INFO:  Idle: 1,  Running: 5,  Completed: 0 [ current time: 05h12 ] 
INFO:  Idle: 0,  Running: 5,  Completed: 1 [  0.77s  ] 
INFO:  Idle: 0,  Running: 0,  Completed: 6 [  2.3s  ] 
INFO: End survey 
refine 5000
Creating Jobs
INFO: Refine results to 5000 
INFO: Generating 5000.0 unweighted events. 
sum of cpu time of last step: 10 seconds
INFO: Effective Luminosity 478612.27103715215 pb^-1 
INFO: need to improve 6 channels 
- Current estimate of cross-section: 0.0125362435589 +- 0.00022868327263657752
    P1_qq_llll 
INFO:  Idle: 1,  Running: 9,  Completed: 0 [ current time: 05h12 ] 
INFO:  Idle: 0,  Running: 9,  Completed: 1 [  1.8s  ] 
INFO:  Idle: 0,  Running: 3,  Completed: 7 [  6.3s  ] 
INFO:  Idle: 0,  Running: 0,  Completed: 10 [  7.2s  ] 
INFO: Combining runs 
sum of cpu time of last step: 46 seconds
INFO: finish refine 
refine 5000 --treshold=0.9
No need for second refine due to stability of cross-section
INFO: Combining Events 
combination of events done in 0.8444337844848633 s 
  === Results Summary for run: run_01 tag: tag_1 ===

     Cross-section :   0.01272 +- 5.638e-05 pb
     Nb of events :  5000
 
store_events
INFO: Storing parton level results 
INFO: End Parton 
reweight -from_cards
decay_events -from_cards
INFO: storing files of previous run 
INFO: Done 
quit
INFO:  
more information in /Users/enconcertincdev4/Code/grok/ukftphys/experiments/61_sm_4muon_8tev/index.html
quit
